11:54:53 pm [vite] warning: `esbuild` option was specified by "vite:react-babel" plugin. This option is deprecated, please use `oxc` instead.
11:54:53 pm [vite] warning: `optimizeDeps.esbuildOptions` option was specified by "vite:react-babel" plugin. This option is deprecated, please use `optimizeDeps.rolldownOptions` instead.
Both esbuild and oxc options were set. oxc options will be used and esbuild options will be ignored. The following esbuild options were set: `{ jsx: 'automatic', jsxImportSource: undefined }`

 RUN  v4.1.9 C:/Users/mfara/OneDrive/Desktop/AIEXAM/indianexaminfo-cms

 Γ¥» src/components/entity-editor/tabs/GeneralTab.focusBug.test.tsx (10 tests | 6 failed) 44928ms
     ├ù populates the name field from server data 7982ms
     ├ù typed value survives a simulated window blur + focus cycle 5068ms
     ├ù background refetch (query invalidation) while form is dirty does NOT reset the form 6334ms
     ├ù form value is unchanged after 3 consecutive query invalidations 5983ms
     ├ù form value survives a global query invalidation (TOKEN_REFRESHED simulation) 5827ms
     ├ù after save: accepts updated server data once, then blocks subsequent refetches 5300ms
stderr | src/components/entity-editor/tabs/GeneralTab.test.tsx > GeneralTab ΓÇö seed-guard (bug regression) > does NOT overwrite user edits when entity refetches with a new reference
Warning: An update to GeneralTab inside a test was not wrapped in act(...).

When testing, code that causes React state updates should be wrapped into act(...):

act(() => {
  /* fire events that update state */
});
/* assert on the output */

This ensures that you're testing the behavior the user would see in the browser. Learn more at https://reactjs.org/link/wrap-tests-with-act
    at GeneralTab (C:/Users/mfara/OneDrive/Desktop/AIEXAM/indianexaminfo-cms/src/components/entity-editor/tabs/GeneralTab.tsx:165:23)
    at TimelineDatesProvider (C:/Users/mfara/OneDrive/Desktop/AIEXAM/indianexaminfo-cms/src/contexts/TimelineDatesContext.tsx:29:34)
    at EditorUIProvider (C:/Users/mfara/OneDrive/Desktop/AIEXAM/indianexaminfo-cms/src/contexts/EditorUIContext.tsx:58:29)
    at QueryClientProvider (file:///C:/Users/mfara/OneDrive/Desktop/AIEXAM/indianexaminfo-cms/node_modules/@tanstack/react-query/build/modern/QueryClientProvider.js:20:3)

stderr | src/components/entity-editor/tabs/GeneralTab.test.tsx > GeneralTab ΓÇö seed-guard (bug regression) > does NOT overwrite user edits when entity refetches with a new reference
Warning: An update to GeneralTab inside a test was not wrapped in act(...).

When testing, code that causes React state updates should be wrapped into act(...):

act(() => {
  /* fire events that update state */
});
/* assert on the output */

This ensures that you're testing the behavior the user would see in the browser. Learn more at https://reactjs.org/link/wrap-tests-with-act
    at GeneralTab (C:/Users/mfara/OneDrive/Desktop/AIEXAM/indianexaminfo-cms/src/components/entity-editor/tabs/GeneralTab.tsx:165:23)
    at TimelineDatesProvider (C:/Users/mfara/OneDrive/Desktop/AIEXAM/indianexaminfo-cms/src/contexts/TimelineDatesContext.tsx:29:34)
    at EditorUIProvider (C:/Users/mfara/OneDrive/Desktop/AIEXAM/indianexaminfo-cms/src/contexts/EditorUIContext.tsx:58:29)
    at QueryClientProvider (file:///C:/Users/mfara/OneDrive/Desktop/AIEXAM/indianexaminfo-cms/node_modules/@tanstack/react-query/build/modern/QueryClientProvider.js:20:3)

stderr | src/components/entity-editor/tabs/GeneralTab.test.tsx > GeneralTab ΓÇö seed-guard (bug regression) > does NOT overwrite user edits when entity refetches with a new reference
Warning: An update to TimelineDatesProvider inside a test was not wrapped in act(...).

When testing, code that causes React state updates should be wrapped into act(...):

act(() => {
  /* fire events that update state */
});
/* assert on the output */

This ensures that you're testing the behavior the user would see in the browser. Learn more at https://reactjs.org/link/wrap-tests-with-act
    at TimelineDatesProvider (C:/Users/mfara/OneDrive/Desktop/AIEXAM/indianexaminfo-cms/src/contexts/TimelineDatesContext.tsx:29:34)
    at EditorUIProvider (C:/Users/mfara/OneDrive/Desktop/AIEXAM/indianexaminfo-cms/src/contexts/EditorUIContext.tsx:58:29)
    at QueryClientProvider (file:///C:/Users/mfara/OneDrive/Desktop/AIEXAM/indianexaminfo-cms/node_modules/@tanstack/react-query/build/modern/QueryClientProvider.js:20:3)

 Γ¥» src/components/entity-editor/tabs/GeneralTab.test.tsx (5 tests | 2 failed) 17740ms
     ├ù populates the form from the first successful server response 5223ms
     ├ù does NOT overwrite user edits when entity refetches with a new reference 5239ms

ΓÄ»ΓÄ»ΓÄ»ΓÄ»ΓÄ»ΓÄ»ΓÄ» Failed Tests 8 ΓÄ»ΓÄ»ΓÄ»ΓÄ»ΓÄ»ΓÄ»ΓÄ»

 FAIL  src/components/entity-editor/tabs/GeneralTab.focusBug.test.tsx > initial seed > populates the name field from server data
Error: Test timed out in 5000ms.
If this is a long-running test, pass a timeout value as the last argument or configure it globally with "testTimeout".
 Γ¥» src/components/entity-editor/tabs/GeneralTab.focusBug.test.tsx:171:3
    169|
    170| describe('initial seed', () => {
    171|   it('populates the name field from server data', () => {
       |   ^
    172|     const qc = createSeededQc()
    173|     renderGeneralTab('entity-1', qc)

ΓÄ»ΓÄ»ΓÄ»ΓÄ»ΓÄ»ΓÄ»ΓÄ»ΓÄ»ΓÄ»ΓÄ»ΓÄ»ΓÄ»ΓÄ»ΓÄ»ΓÄ»ΓÄ»ΓÄ»ΓÄ»ΓÄ»ΓÄ»ΓÄ»ΓÄ»ΓÄ»ΓÄ»[1/8]ΓÄ»

 FAIL  src/components/entity-editor/tabs/GeneralTab.focusBug.test.tsx > browser tab focus cycle does not discard unsaved edits > typed value survives a simulated window blur + focus cycle
Error: Test timed out in 5000ms.
If this is a long-running test, pass a timeout value as the last argument or configure it globally with "testTimeout".
 Γ¥» src/components/entity-editor/tabs/GeneralTab.focusBug.test.tsx:193:3
    191|
    192| describe('browser tab focus cycle does not discard unsaved edits', () ΓÇª
    193|   it('typed value survives a simulated window blur + focus cycle', asyΓÇª
       |   ^
    194|     const user = userEvent.setup()
    195|     const qc = createSeededQc()

ΓÄ»ΓÄ»ΓÄ»ΓÄ»ΓÄ»ΓÄ»ΓÄ»ΓÄ»ΓÄ»ΓÄ»ΓÄ»ΓÄ»ΓÄ»ΓÄ»ΓÄ»ΓÄ»ΓÄ»ΓÄ»ΓÄ»ΓÄ»ΓÄ»ΓÄ»ΓÄ»ΓÄ»[2/8]ΓÄ»

 FAIL  src/components/entity-editor/tabs/GeneralTab.focusBug.test.tsx > browser tab focus cycle does not discard unsaved edits > background refetch (query invalidation) while form is dirty does NOT reset the form
Error: Test timed out in 5000ms.
If this is a long-running test, pass a timeout value as the last argument or configure it globally with "testTimeout".
 Γ¥» src/components/entity-editor/tabs/GeneralTab.focusBug.test.tsx:224:3
    222|   })
    223|
    224|   it('background refetch (query invalidation) while form is dirty doesΓÇª
       |   ^
    225|     const user = userEvent.setup()
    226|     const qc = createSeededQc()

ΓÄ»ΓÄ»ΓÄ»ΓÄ»ΓÄ»ΓÄ»ΓÄ»ΓÄ»ΓÄ»ΓÄ»ΓÄ»ΓÄ»ΓÄ»ΓÄ»ΓÄ»ΓÄ»ΓÄ»ΓÄ»ΓÄ»ΓÄ»ΓÄ»ΓÄ»ΓÄ»ΓÄ»[3/8]ΓÄ»

 FAIL  src/components/entity-editor/tabs/GeneralTab.focusBug.test.tsx > repeated background refetches during an editing session > form value is unchanged after 3 consecutive query invalidations
Error: Test timed out in 5000ms.
If this is a long-running test, pass a timeout value as the last argument or configure it globally with "testTimeout".
 Γ¥» src/components/entity-editor/tabs/GeneralTab.focusBug.test.tsx:246:3
    244|
    245| describe('repeated background refetches during an editing session', ()ΓÇª
    246|   it('form value is unchanged after 3 consecutive query invalidations'ΓÇª
       |   ^
    247|     const user = userEvent.setup()
    248|     const qc = createSeededQc()

ΓÄ»ΓÄ»ΓÄ»ΓÄ»ΓÄ»ΓÄ»ΓÄ»ΓÄ»ΓÄ»ΓÄ»ΓÄ»ΓÄ»ΓÄ»ΓÄ»ΓÄ»ΓÄ»ΓÄ»ΓÄ»ΓÄ»ΓÄ»ΓÄ»ΓÄ»ΓÄ»ΓÄ»[4/8]ΓÄ»

 FAIL  src/components/entity-editor/tabs/GeneralTab.focusBug.test.tsx > auth/session refresh does not discard unsaved edits > form value survives a global query invalidation (TOKEN_REFRESHED simulation)
Error: Test timed out in 5000ms.
If this is a long-running test, pass a timeout value as the last argument or configure it globally with "testTimeout".
 Γ¥» src/components/entity-editor/tabs/GeneralTab.focusBug.test.tsx:267:3
    265|
    266| describe('auth/session refresh does not discard unsaved edits', () => {
    267|   it('form value survives a global query invalidation (TOKEN_REFRESHEDΓÇª
       |   ^
    268|     const user = userEvent.setup()
    269|     const qc = createSeededQc()

ΓÄ»ΓÄ»ΓÄ»ΓÄ»ΓÄ»ΓÄ»ΓÄ»ΓÄ»ΓÄ»ΓÄ»ΓÄ»ΓÄ»ΓÄ»ΓÄ»ΓÄ»ΓÄ»ΓÄ»ΓÄ»ΓÄ»ΓÄ»ΓÄ»ΓÄ»ΓÄ»ΓÄ»[5/8]ΓÄ»

 FAIL  src/components/entity-editor/tabs/GeneralTab.focusBug.test.tsx > form re-seeds once after explicit save, then guards again > after save: accepts updated server data once, then blocks subsequent refetches
Error: Test timed out in 5000ms.
If this is a long-running test, pass a timeout value as the last argument or configure it globally with "testTimeout".
 Γ¥» src/components/entity-editor/tabs/GeneralTab.focusBug.test.tsx:348:3
    346|
    347| describe('form re-seeds once after explicit save, then guards again', ΓÇª
    348|   it('after save: accepts updated server data once, then blocks subseqΓÇª
       |   ^
    349|     const savedEntity = makeEntity({ name: 'IBPS PO SAVED', slug: 'ibpΓÇª
    350|     mockUpdateEntity.mockResolvedValue(savedEntity)

ΓÄ»ΓÄ»ΓÄ»ΓÄ»ΓÄ»ΓÄ»ΓÄ»ΓÄ»ΓÄ»ΓÄ»ΓÄ»ΓÄ»ΓÄ»ΓÄ»ΓÄ»ΓÄ»ΓÄ»ΓÄ»ΓÄ»ΓÄ»ΓÄ»ΓÄ»ΓÄ»ΓÄ»[6/8]ΓÄ»

 FAIL  src/components/entity-editor/tabs/GeneralTab.test.tsx > GeneralTab ΓÇö seed-guard (bug regression) > populates the form from the first successful server response
Error: Test timed out in 5000ms.
If this is a long-running test, pass a timeout value as the last argument or configure it globally with "testTimeout".
 Γ¥» src/components/entity-editor/tabs/GeneralTab.test.tsx:96:3
     94|   })
     95|
     96|   it('populates the form from the first successful server response', aΓÇª
       |   ^
     97|     mockedGetEntityById.mockResolvedValue(makeEntity())
     98|

ΓÄ»ΓÄ»ΓÄ»ΓÄ»ΓÄ»ΓÄ»ΓÄ»ΓÄ»ΓÄ»ΓÄ»ΓÄ»ΓÄ»ΓÄ»ΓÄ»ΓÄ»ΓÄ»ΓÄ»ΓÄ»ΓÄ»ΓÄ»ΓÄ»ΓÄ»ΓÄ»ΓÄ»[7/8]ΓÄ»

 FAIL  src/components/entity-editor/tabs/GeneralTab.test.tsx > GeneralTab ΓÇö seed-guard (bug regression) > does NOT overwrite user edits when entity refetches with a new reference
Error: Test timed out in 5000ms.
If this is a long-running test, pass a timeout value as the last argument or configure it globally with "testTimeout".
 Γ¥» src/components/entity-editor/tabs/GeneralTab.test.tsx:107:3
    105|   })
    106|
    107|   it('does NOT overwrite user edits when entity refetches with a new rΓÇª
       |   ^
    108|     mockedGetEntityById.mockResolvedValue(makeEntity())
    109|     const { qc } = renderGeneralTab()

ΓÄ»ΓÄ»ΓÄ»ΓÄ»ΓÄ»ΓÄ»ΓÄ»ΓÄ»ΓÄ»ΓÄ»ΓÄ»ΓÄ»ΓÄ»ΓÄ»ΓÄ»ΓÄ»ΓÄ»ΓÄ»ΓÄ»ΓÄ»ΓÄ»ΓÄ»ΓÄ»ΓÄ»[8/8]ΓÄ»

ΓÄ»ΓÄ»ΓÄ»ΓÄ»ΓÄ»ΓÄ» Unhandled Errors ΓÄ»ΓÄ»ΓÄ»ΓÄ»ΓÄ»ΓÄ»

Vitest caught 17 unhandled errors during the test run.
This might cause false positive tests. Resolve unhandled errors to make sure your tests are not affected.

ΓÄ»ΓÄ»ΓÄ»ΓÄ»ΓÄ»ΓÄ» Unhandled Error ΓÄ»ΓÄ»ΓÄ»ΓÄ»ΓÄ»ΓÄ»ΓÄ»
Error: [vitest-pool]: Failed to start forks worker for test files C:/Users/mfara/OneDrive/Desktop/AIEXAM/indianexaminfo-cms/src/components/entity-editor/tabs/TimelineTab.test.tsx.
 Γ¥» node_modules/vitest/dist/chunks/cli-api.24X8XwN1.js:3465:94
 Γ¥» Pool.schedule node_modules/vitest/dist/chunks/cli-api.24X8XwN1.js:3465:5

Caused by: Error: [vitest-pool-runner]: Timeout waiting for worker to respond
 Γ¥» Timeout.<anonymous> node_modules/vitest/dist/chunks/cli-api.24X8XwN1.js:3041:58
 Γ¥» listOnTimeout node:internal/timers:605:17
 Γ¥» processTimers node:internal/timers:541:7


ΓÄ»ΓÄ»ΓÄ»ΓÄ»ΓÄ»ΓÄ» Unhandled Error ΓÄ»ΓÄ»ΓÄ»ΓÄ»ΓÄ»ΓÄ»ΓÄ»
Error: [vitest-pool]: Failed to start forks worker for test files C:/Users/mfara/OneDrive/Desktop/AIEXAM/indianexaminfo-cms/src/components/workspace/ResizablePanel.test.tsx.
 Γ¥» node_modules/vitest/dist/chunks/cli-api.24X8XwN1.js:3465:94
 Γ¥» Pool.schedule node_modules/vitest/dist/chunks/cli-api.24X8XwN1.js:3465:5

Caused by: Error: [vitest-pool-runner]: Timeout waiting for worker to respond
 Γ¥» Timeout.<anonymous> node_modules/vitest/dist/chunks/cli-api.24X8XwN1.js:3041:58
 Γ¥» listOnTimeout node:internal/timers:605:17
 Γ¥» processTimers node:internal/timers:541:7


ΓÄ»ΓÄ»ΓÄ»ΓÄ»ΓÄ»ΓÄ» Unhandled Error ΓÄ»ΓÄ»ΓÄ»ΓÄ»ΓÄ»ΓÄ»ΓÄ»
Error: [vitest-pool]: Failed to start forks worker for test files C:/Users/mfara/OneDrive/Desktop/AIEXAM/indianexaminfo-cms/src/hooks/useModulesTab.test.ts.
 Γ¥» node_modules/vitest/dist/chunks/cli-api.24X8XwN1.js:3465:94
 Γ¥» Pool.schedule node_modules/vitest/dist/chunks/cli-api.24X8XwN1.js:3465:5

Caused by: Error: [vitest-pool-runner]: Timeout waiting for worker to respond
 Γ¥» Timeout.<anonymous> node_modules/vitest/dist/chunks/cli-api.24X8XwN1.js:3041:58
 Γ¥» listOnTimeout node:internal/timers:605:17
 Γ¥» processTimers node:internal/timers:541:7


ΓÄ»ΓÄ»ΓÄ»ΓÄ»ΓÄ»ΓÄ» Unhandled Error ΓÄ»ΓÄ»ΓÄ»ΓÄ»ΓÄ»ΓÄ»ΓÄ»
Error: [vitest-pool]: Failed to start forks worker for test files C:/Users/mfara/OneDrive/Desktop/AIEXAM/indianexaminfo-cms/src/hooks/useModuleEditor.test.ts.
 Γ¥» node_modules/vitest/dist/chunks/cli-api.24X8XwN1.js:3465:94
 Γ¥» Pool.schedule node_modules/vitest/dist/chunks/cli-api.24X8XwN1.js:3465:5

Caused by: Error: [vitest-pool-runner]: Timeout waiting for worker to respond
 Γ¥» Timeout.<anonymous> node_modules/vitest/dist/chunks/cli-api.24X8XwN1.js:3041:58
 Γ¥» listOnTimeout node:internal/timers:605:17
 Γ¥» processTimers node:internal/timers:541:7


ΓÄ»ΓÄ»ΓÄ»ΓÄ»ΓÄ»ΓÄ» Unhandled Error ΓÄ»ΓÄ»ΓÄ»ΓÄ»ΓÄ»ΓÄ»ΓÄ»
Error: [vitest-pool]: Failed to start forks worker for test files C:/Users/mfara/OneDrive/Desktop/AIEXAM/indianexaminfo-cms/src/lib/blocks/blockRegistry.test.ts.
 Γ¥» node_modules/vitest/dist/chunks/cli-api.24X8XwN1.js:3465:94
 Γ¥» Pool.schedule node_modules/vitest/dist/chunks/cli-api.24X8XwN1.js:3465:5

Caused by: Error: [vitest-pool-runner]: Timeout waiting for worker to respond
 Γ¥» Timeout.<anonymous> node_modules/vitest/dist/chunks/cli-api.24X8XwN1.js:3041:58
 Γ¥» listOnTimeout node:internal/timers:605:17
 Γ¥» processTimers node:internal/timers:541:7


ΓÄ»ΓÄ»ΓÄ»ΓÄ»ΓÄ»ΓÄ» Unhandled Error ΓÄ»ΓÄ»ΓÄ»ΓÄ»ΓÄ»ΓÄ»ΓÄ»
Error: [vitest-pool]: Failed to start forks worker for test files C:/Users/mfara/OneDrive/Desktop/AIEXAM/indianexaminfo-cms/src/components/workspace/WorkspaceContext.test.tsx.
 Γ¥» node_modules/vitest/dist/chunks/cli-api.24X8XwN1.js:3465:94
 Γ¥» Pool.schedule node_modules/vitest/dist/chunks/cli-api.24X8XwN1.js:3465:5

Caused by: Error: [vitest-pool-runner]: Timeout waiting for worker to respond
 Γ¥» Timeout.<anonymous> node_modules/vitest/dist/chunks/cli-api.24X8XwN1.js:3041:58
 Γ¥» listOnTimeout node:internal/timers:605:17
 Γ¥» processTimers node:internal/timers:541:7


ΓÄ»ΓÄ»ΓÄ»ΓÄ»ΓÄ»ΓÄ» Unhandled Error ΓÄ»ΓÄ»ΓÄ»ΓÄ»ΓÄ»ΓÄ»ΓÄ»
Error: [vitest-pool]: Failed to start forks worker for test files C:/Users/mfara/OneDrive/Desktop/AIEXAM/indianexaminfo-cms/src/components/blocks/BlockRenderer.test.tsx.
 Γ¥» node_modules/vitest/dist/chunks/cli-api.24X8XwN1.js:3465:94
 Γ¥» Pool.schedule node_modules/vitest/dist/chunks/cli-api.24X8XwN1.js:3465:5

Caused by: Error: [vitest-pool-runner]: Timeout waiting for worker to respond
 Γ¥» Timeout.<anonymous> node_modules/vitest/dist/chunks/cli-api.24X8XwN1.js:3041:58
 Γ¥» listOnTimeout node:internal/timers:605:17
 Γ¥» processTimers node:internal/timers:541:7


ΓÄ»ΓÄ»ΓÄ»ΓÄ»ΓÄ»ΓÄ» Unhandled Error ΓÄ»ΓÄ»ΓÄ»ΓÄ»ΓÄ»ΓÄ»ΓÄ»
Error: [vitest-pool]: Failed to start forks worker for test files C:/Users/mfara/OneDrive/Desktop/AIEXAM/indianexaminfo-cms/src/hooks/useStableSaveFn.test.ts.
 Γ¥» node_modules/vitest/dist/chunks/cli-api.24X8XwN1.js:3465:94
 Γ¥» Pool.schedule node_modules/vitest/dist/chunks/cli-api.24X8XwN1.js:3465:5

Caused by: Error: [vitest-pool-runner]: Timeout waiting for worker to respond
 Γ¥» Timeout.<anonymous> node_modules/vitest/dist/chunks/cli-api.24X8XwN1.js:3041:58
 Γ¥» listOnTimeout node:internal/timers:605:17
 Γ¥» processTimers node:internal/timers:541:7


ΓÄ»ΓÄ»ΓÄ»ΓÄ»ΓÄ»ΓÄ» Unhandled Error ΓÄ»ΓÄ»ΓÄ»ΓÄ»ΓÄ»ΓÄ»ΓÄ»
Error: [vitest-pool]: Failed to start forks worker for test files C:/Users/mfara/OneDrive/Desktop/AIEXAM/indianexaminfo-cms/src/contexts/EditorUIContext.test.tsx.
 Γ¥» node_modules/vitest/dist/chunks/cli-api.24X8XwN1.js:3465:94
 Γ¥» Pool.schedule node_modules/vitest/dist/chunks/cli-api.24X8XwN1.js:3465:5

Caused by: Error: [vitest-pool-runner]: Timeout waiting for worker to respond
 Γ¥» Timeout.<anonymous> node_modules/vitest/dist/chunks/cli-api.24X8XwN1.js:3041:58
 Γ¥» listOnTimeout node:internal/timers:605:17
 Γ¥» processTimers node:internal/timers:541:7


ΓÄ»ΓÄ»ΓÄ»ΓÄ»ΓÄ»ΓÄ» Unhandled Error ΓÄ»ΓÄ»ΓÄ»ΓÄ»ΓÄ»ΓÄ»ΓÄ»
Error: [vitest-pool]: Failed to start forks worker for test files C:/Users/mfara/OneDrive/Desktop/AIEXAM/indianexaminfo-cms/src/hooks/useConfirmDelete.test.ts.
 Γ¥» node_modules/vitest/dist/chunks/cli-api.24X8XwN1.js:3465:94
 Γ¥» Pool.schedule node_modules/vitest/dist/chunks/cli-api.24X8XwN1.js:3465:5

Caused by: Error: [vitest-pool-runner]: Timeout waiting for worker to respond
 Γ¥» Timeout.<anonymous> node_modules/vitest/dist/chunks/cli-api.24X8XwN1.js:3041:58
 Γ¥» listOnTimeout node:internal/timers:605:17
 Γ¥» processTimers node:internal/timers:541:7


ΓÄ»ΓÄ»ΓÄ»ΓÄ»ΓÄ»ΓÄ» Unhandled Error ΓÄ»ΓÄ»ΓÄ»ΓÄ»ΓÄ»ΓÄ»ΓÄ»
Error: [vitest-pool]: Failed to start forks worker for test files C:/Users/mfara/OneDrive/Desktop/AIEXAM/indianexaminfo-cms/src/hooks/useAutosave.test.ts.
 Γ¥» node_modules/vitest/dist/chunks/cli-api.24X8XwN1.js:3465:94
 Γ¥» runNextTicks node:internal/process/task_queues:65:5
 Γ¥» processTimers node:internal/timers:538:9
 Γ¥» Pool.schedule node_modules/vitest/dist/chunks/cli-api.24X8XwN1.js:3465:5

Caused by: Error: [vitest-pool-runner]: Timeout waiting for worker to respond
 Γ¥» Timeout.<anonymous> node_modules/vitest/dist/chunks/cli-api.24X8XwN1.js:3041:58
 Γ¥» listOnTimeout node:internal/timers:605:17
 Γ¥» processTimers node:internal/timers:541:7


ΓÄ»ΓÄ»ΓÄ»ΓÄ»ΓÄ»ΓÄ» Unhandled Error ΓÄ»ΓÄ»ΓÄ»ΓÄ»ΓÄ»ΓÄ»ΓÄ»
Error: [vitest-pool]: Failed to start forks worker for test files C:/Users/mfara/OneDrive/Desktop/AIEXAM/indianexaminfo-cms/src/services/entity/blockService.test.ts.
 Γ¥» node_modules/vitest/dist/chunks/cli-api.24X8XwN1.js:3465:94
 Γ¥» Pool.schedule node_modules/vitest/dist/chunks/cli-api.24X8XwN1.js:3465:5

Caused by: Error: [vitest-pool-runner]: Timeout waiting for worker to respond
 Γ¥» Timeout.<anonymous> node_modules/vitest/dist/chunks/cli-api.24X8XwN1.js:3041:58
 Γ¥» listOnTimeout node:internal/timers:605:17
 Γ¥» processTimers node:internal/timers:541:7


ΓÄ»ΓÄ»ΓÄ»ΓÄ»ΓÄ»ΓÄ» Unhandled Error ΓÄ»ΓÄ»ΓÄ»ΓÄ»ΓÄ»ΓÄ»ΓÄ»
Error: [vitest-pool]: Failed to start forks worker for test files C:/Users/mfara/OneDrive/Desktop/AIEXAM/indianexaminfo-cms/src/lib/validation/entitySchemas.test.ts.
 Γ¥» node_modules/vitest/dist/chunks/cli-api.24X8XwN1.js:3465:94
 Γ¥» Pool.schedule node_modules/vitest/dist/chunks/cli-api.24X8XwN1.js:3465:5

Caused by: Error: [vitest-pool-runner]: Timeout waiting for worker to respond
 Γ¥» Timeout.<anonymous> node_modules/vitest/dist/chunks/cli-api.24X8XwN1.js:3041:58
 Γ¥» listOnTimeout node:internal/timers:605:17
 Γ¥» processTimers node:internal/timers:541:7


ΓÄ»ΓÄ»ΓÄ»ΓÄ»ΓÄ»ΓÄ» Unhandled Error ΓÄ»ΓÄ»ΓÄ»ΓÄ»ΓÄ»ΓÄ»ΓÄ»
Error: [vitest-pool]: Failed to start forks worker for test files C:/Users/mfara/OneDrive/Desktop/AIEXAM/indianexaminfo-cms/src/services/entity/moduleService.test.ts.
 Γ¥» node_modules/vitest/dist/chunks/cli-api.24X8XwN1.js:3465:94
 Γ¥» Pool.schedule node_modules/vitest/dist/chunks/cli-api.24X8XwN1.js:3465:5

Caused by: Error: [vitest-pool-runner]: Timeout waiting for worker to respond
 Γ¥» Timeout.<anonymous> node_modules/vitest/dist/chunks/cli-api.24X8XwN1.js:3041:58
 Γ¥» listOnTimeout node:internal/timers:605:17
 Γ¥» processTimers node:internal/timers:541:7


ΓÄ»ΓÄ»ΓÄ»ΓÄ»ΓÄ»ΓÄ» Unhandled Error ΓÄ»ΓÄ»ΓÄ»ΓÄ»ΓÄ»ΓÄ»ΓÄ»
Error: [vitest-pool]: Failed to start forks worker for test files C:/Users/mfara/OneDrive/Desktop/AIEXAM/indianexaminfo-cms/src/services/entity/timelineService.test.ts.
 Γ¥» node_modules/vitest/dist/chunks/cli-api.24X8XwN1.js:3465:94
 Γ¥» Pool.schedule node_modules/vitest/dist/chunks/cli-api.24X8XwN1.js:3465:5

Caused by: Error: [vitest-pool-runner]: Timeout waiting for worker to respond
 Γ¥» Timeout.<anonymous> node_modules/vitest/dist/chunks/cli-api.24X8XwN1.js:3041:58
 Γ¥» listOnTimeout node:internal/timers:605:17
 Γ¥» processTimers node:internal/timers:541:7


ΓÄ»ΓÄ»ΓÄ»ΓÄ»ΓÄ»ΓÄ» Unhandled Error ΓÄ»ΓÄ»ΓÄ»ΓÄ»ΓÄ»ΓÄ»ΓÄ»
Error: [vitest-pool]: Failed to start forks worker for test files C:/Users/mfara/OneDrive/Desktop/AIEXAM/indianexaminfo-cms/src/components/workspace/inspectors/inspectorRegistry.test.ts.
 Γ¥» node_modules/vitest/dist/chunks/cli-api.24X8XwN1.js:3465:94
 Γ¥» Pool.schedule node_modules/vitest/dist/chunks/cli-api.24X8XwN1.js:3465:5

Caused by: Error: [vitest-pool-runner]: Timeout waiting for worker to respond
 Γ¥» Timeout.<anonymous> node_modules/vitest/dist/chunks/cli-api.24X8XwN1.js:3041:58
 Γ¥» listOnTimeout node:internal/timers:605:17
 Γ¥» processTimers node:internal/timers:541:7


ΓÄ»ΓÄ»ΓÄ»ΓÄ»ΓÄ»ΓÄ» Unhandled Error ΓÄ»ΓÄ»ΓÄ»ΓÄ»ΓÄ»ΓÄ»ΓÄ»
Error: [vitest-pool]: Failed to start forks worker for test files C:/Users/mfara/OneDrive/Desktop/AIEXAM/indianexaminfo-cms/src/services/entity/entityService.test.ts.
 Γ¥» node_modules/vitest/dist/chunks/cli-api.24X8XwN1.js:3465:94
 Γ¥» Pool.schedule node_modules/vitest/dist/chunks/cli-api.24X8XwN1.js:3465:5

Caused by: Error: [vitest-pool-runner]: Timeout waiting for worker to respond
 Γ¥» Timeout.<anonymous> node_modules/vitest/dist/chunks/cli-api.24X8XwN1.js:3041:58
 Γ¥» listOnTimeout node:internal/timers:605:17
 Γ¥» processTimers node:internal/timers:541:7

ΓÄ»ΓÄ»ΓÄ»ΓÄ»ΓÄ»ΓÄ»ΓÄ»ΓÄ»ΓÄ»ΓÄ»ΓÄ»ΓÄ»ΓÄ»ΓÄ»ΓÄ»ΓÄ»ΓÄ»ΓÄ»ΓÄ»ΓÄ»ΓÄ»ΓÄ»ΓÄ»ΓÄ»ΓÄ»ΓÄ»ΓÄ»ΓÄ»ΓÄ»ΓÄ»


 Test Files  2 failed | 6 passed (8)
      Tests  8 failed | 69 passed (77)
     Errors  17 errors
   Start at  23:54:57
   Duration  593.44s (transform 14.93s, setup 57.12s, import 79.66s, tests 92.93s, environment 359.01s)

